// Jest Snapshot v1, https://goo.gl/fbAQLP

exports[`TEST on <GifExpertApp/> Should match with the snapshot 1`] = `
<div>
  <h1>
    Gif-Expert-App
  </h1>
  <form
    aria-label="form"
  >
    <input
      placeholder="search category.."
      type="text"
      value=""
    />
  </form>
</div>
`;
